// Jest Snapshot v1, https://goo.gl/fbAQLP

exports[`<Main /> should render the heading 1`] = `
<main
  class="styles__Wrapper-sc-gl7gxo-0 cjUqcj"
>
  <img
    alt="Imagem de um átomo e React Avançado escrito ao lado."
    class="styles__Logo-sc-gl7gxo-1 fNsdZw"
    src="/img/logo.svg"
  />
  <h1
    class="styles__Title-sc-gl7gxo-2 dnZrMe"
  >
    React Avançado
  </h1>
  <h2
    class="styles__Description-sc-gl7gxo-3 iJqFtV"
  >
    TypeScript, ReactJS, NextJS e Styled Components
  </h2>
  <img
    alt="Um desenvolvedor de frente para uma tela com código."
    class="styles__Illustration-sc-gl7gxo-4 icqmUs"
    src="/img/hero-illustration.svg"
  />
</main>
`;
